techmonkey@techMonkey:~/techMonkey/skill/learning-git$ git add . // this to commit all files in the current dir. if you want to add file from all the dir this is the
techmonkey@techMonkey:~/techMonkey/skill/learning-git$ git status
On branch master

No commits yet

Changes to be committed:
  (use "git rm --cached <file>..." to unstage)
        new file:   index.html
        new file:   index.js
        new file:   main.css
        new file:   notes

techmonkey@techMonkey:~/techMonkey/skill/learning-git$ git rm -r --cached .
rm 'index.html'
rm 'index.js'
rm 'main.css'
rm 'notes'
techmonkey@techMonkey:~/techMonkey/skill/learning-git$ git status
On branch master

No commits yet

Untracked files:
  (use "git add <file>..." to include in what will be committed)
        index.html
        index.js
        main.css
        notes

nothing added to commit but untracked files present (use "git add" to track)
techmonkey@techMonkey:~/techMonkey/skill/learning-git$